
> imperfect-breath@0.0.0 build
> NODE_OPTIONS="--max-old-space-size=4096" VITE_APP_ENV=production vite build --emptyOutDir

Building for production mode
vite v5.4.21 building for production...
transforming...
✓ 8739 modules transformed.
Circular chunk: web3 -> vendor -> web3. Please adjust the manual chunk logic for these chunks.
Circular chunk: web3 -> flow -> web3. Please adjust the manual chunk logic for these chunks.
Circular chunk: flow -> lens -> flow. Please adjust the manual chunk logic for these chunks.
Circular chunk: web3 -> ui -> web3. Please adjust the manual chunk logic for these chunks.
rendering chunks...
[plugin:vite:reporter] [plugin vite:reporter] 
(!) /Users/udingethe/Dev/imperfect-breath/node_modules/.pnpm/@lens-protocol+client@0.0.0-canary-20250430134539_@lens-chain+sdk@1.0.3_viem@2.47.6_buf_36f27af6f12125c474f124782a675f3e/node_modules/@lens-protocol/client/dist/actions/index.js is dynamically imported by /Users/udingethe/Dev/imperfect-breath/src/hooks/useLens.ts, /Users/udingethe/Dev/imperfect-breath/src/hooks/useLens.ts, /Users/udingethe/Dev/imperfect-breath/src/hooks/useLens.ts, /Users/udingethe/Dev/imperfect-breath/src/lib/lens/client.ts, /Users/udingethe/Dev/imperfect-breath/src/lib/lens/client.ts, /Users/udingethe/Dev/imperfect-breath/src/lib/lens/client.ts, /Users/udingethe/Dev/imperfect-breath/src/lib/lens/client.ts but also statically imported by /Users/udingethe/Dev/imperfect-breath/src/lib/lens/client.ts, /Users/udingethe/Dev/imperfect-breath/src/services/blockchain/BlockchainAuthService.ts, dynamic import will not move module into another chunk.

[plugin:vite:reporter] [plugin vite:reporter] 
(!) /Users/udingethe/Dev/imperfect-breath/node_modules/.pnpm/sonner@1.7.4_react-dom@18.3.1_react@18.3.1__react@18.3.1/node_modules/sonner/dist/index.mjs is dynamically imported by /Users/udingethe/Dev/imperfect-breath/src/hooks/useLens.ts, /Users/udingethe/Dev/imperfect-breath/src/hooks/useLens.ts, /Users/udingethe/Dev/imperfect-breath/src/hooks/useLens.ts, /Users/udingethe/Dev/imperfect-breath/src/hooks/useLens.ts, /Users/udingethe/Dev/imperfect-breath/src/hooks/useLens.ts, /Users/udingethe/Dev/imperfect-breath/src/hooks/useLens.ts, /Users/udingethe/Dev/imperfect-breath/src/hooks/useLens.ts, /Users/udingethe/Dev/imperfect-breath/src/hooks/useLens.ts, /Users/udingethe/Dev/imperfect-breath/src/hooks/useLens.ts, /Users/udingethe/Dev/imperfect-breath/src/hooks/useLens.ts, /Users/udingethe/Dev/imperfect-breath/src/hooks/useLens.ts, /Users/udingethe/Dev/imperfect-breath/src/hooks/useLens.ts, /Users/udingethe/Dev/imperfect-breath/src/hooks/useLens.ts, /Users/udingethe/Dev/imperfect-breath/src/hooks/useLens.ts, /Users/udingethe/Dev/imperfect-breath/src/hooks/useLens.ts, /Users/udingethe/Dev/imperfect-breath/src/hooks/useLens.ts but also statically imported by /Users/udingethe/Dev/imperfect-breath/src/components/WalletManager.tsx, /Users/udingethe/Dev/imperfect-breath/src/components/lens/LensSocialHub.tsx, /Users/udingethe/Dev/imperfect-breath/src/components/social/BreathingSessionPost.tsx, /Users/udingethe/Dev/imperfect-breath/src/components/social/LensIntegratedSocialFlow.tsx, /Users/udingethe/Dev/imperfect-breath/src/components/social/SocialButton.tsx, /Users/udingethe/Dev/imperfect-breath/src/components/ui/sonner.tsx, /Users/udingethe/Dev/imperfect-breath/src/components/wallet/WalletConnection.tsx, /Users/udingethe/Dev/imperfect-breath/src/hooks/useAction.ts, /Users/udingethe/Dev/imperfect-breath/src/lib/sharing/index.ts, /Users/udingethe/Dev/imperfect-breath/src/pages/Auth.tsx, /Users/udingethe/Dev/imperfect-breath/src/pages/CommunityFeed.tsx, /Users/udingethe/Dev/imperfect-breath/src/pages/LensSocialFlowPage.tsx, /Users/udingethe/Dev/imperfect-breath/src/pages/Results.tsx, /Users/udingethe/Dev/imperfect-breath/src/pages/Settings.tsx, dynamic import will not move module into another chunk.

computing gzip size...
dist/index.html                                   11.34 kB │ gzip:   3.33 kB
dist/css/index-DoFfUbH7.css                      119.58 kB │ gzip:  18.20 kB
dist/js/tiny-invariant-BM5KeS_Z.js                 0.07 kB │ gzip:   0.09 kB
dist/js/native-DYtSEAgN.js                         0.33 kB │ gzip:   0.18 kB
dist/js/cursor-C09RHgmc.js                         0.37 kB │ gzip:   0.27 kB
dist/js/dollar-sign-w3_e8BmF.js                    0.39 kB │ gzip:   0.30 kB
dist/js/wind-8vPwMzwj.js                           0.42 kB │ gzip:   0.30 kB
dist/js/repeat-2-14GVARt7.js                       0.44 kB │ gzip:   0.31 kB
dist/js/clsx.m-iXtHjA2C.js                         0.48 kB │ gzip:   0.31 kB
dist/js/chevron-left-CnioZKC_.js                   0.50 kB │ gzip:   0.33 kB
dist/js/chevron-top-eGzH_ME1.js                    0.51 kB │ gzip:   0.33 kB
dist/js/external-link-iKAujWH5.js                  0.51 kB │ gzip:   0.33 kB
dist/js/chevron-bottom-fnXJB3Sa.js                 0.51 kB │ gzip:   0.33 kB
dist/js/chevron-right-V-0uLMc0.js                  0.51 kB │ gzip:   0.33 kB
dist/js/arrow-top-CxywgGOp.js                      0.52 kB │ gzip:   0.34 kB
dist/js/arrow-bottom-mXttA36i.js                   0.52 kB │ gzip:   0.34 kB
dist/js/arrow-left-Betw0eeq.js                     0.52 kB │ gzip:   0.34 kB
dist/js/arrow-right-CABhewL7.js                    0.52 kB │ gzip:   0.34 kB
dist/js/off-C3G1NRI_.js                            0.54 kB │ gzip:   0.34 kB
dist/js/search-BP32Q9rI.js                         0.55 kB │ gzip:   0.35 kB
dist/js/close-BVc2J-eL.js                          0.55 kB │ gzip:   0.34 kB
dist/js/all-wallets-CYGyLILv.js                    0.56 kB │ gzip:   0.32 kB
dist/js/filters-Bu72RnoC.js                        0.56 kB │ gzip:   0.33 kB
dist/js/info-circle-B429T7Ft.js                    0.58 kB │ gzip:   0.35 kB
dist/js/more-lly9GBat.js                           0.60 kB │ gzip:   0.36 kB
dist/js/refresh-DglM6YGc.js                        0.60 kB │ gzip:   0.38 kB
dist/js/warning-circle-CU_4t7Yq.js                 0.60 kB │ gzip:   0.36 kB
dist/js/coinPlaceholder-DoolRHKT.js                0.61 kB │ gzip:   0.40 kB
dist/js/compass-DpkkO9k0.js                        0.63 kB │ gzip:   0.40 kB
dist/js/trophy-A4llvLgP.js                         0.64 kB │ gzip:   0.39 kB
dist/js/swapVertical-Dj8JdGqp.js                   0.65 kB │ gzip:   0.40 kB
dist/js/swapHorizontal-b_QyPA4Z.js                 0.66 kB │ gzip:   0.39 kB
dist/js/x-CggeCslf.js                              0.68 kB │ gzip:   0.44 kB
dist/js/cursor-transparent-DVrTmmQ-.js             0.69 kB │ gzip:   0.41 kB
dist/js/twitterIcon-CKaFTZL5.js                    0.69 kB │ gzip:   0.43 kB
dist/js/mobile-_tJWNqJX.js                         0.70 kB │ gzip:   0.38 kB
dist/js/config-CK4XEAq7.js                         0.72 kB │ gzip:   0.41 kB
dist/js/send-DyX2ko4W.js                           0.72 kB │ gzip:   0.39 kB
dist/js/separator-DXjd_Yxt.js                      0.73 kB │ gzip:   0.43 kB
dist/js/checkmark-bold-CpXhspc-.js                 0.76 kB │ gzip:   0.49 kB
dist/js/etherscan-Ck-53Z4Z.js                      0.81 kB │ gzip:   0.50 kB
dist/js/checkmark-BzjjiQL6.js                      0.81 kB │ gzip:   0.53 kB
dist/js/store-M6VOpgtm.js                          0.82 kB │ gzip:   0.40 kB
dist/js/help-circle-Bb4DHDmr.js                    0.82 kB │ gzip:   0.48 kB
dist/js/wallet-DbHl-T6W.js                         0.83 kB │ gzip:   0.47 kB
dist/js/plus-DUMK0BKe.js                           0.87 kB │ gzip:   0.48 kB
dist/js/verify-filled-B0VvyE84.js                  0.87 kB │ gzip:   0.52 kB
dist/js/add-Ck2lOHRD.js                            0.88 kB │ gzip:   0.48 kB
dist/js/google-CjfzkTM3.js                         0.92 kB │ gzip:   0.51 kB
dist/js/three-dots-9R6i_SXm.js                     0.95 kB │ gzip:   0.46 kB
dist/js/clock-BiIrvW3a.js                          0.95 kB │ gzip:   0.53 kB
dist/js/disconnect-CRn9A9iM.js                     1.00 kB │ gzip:   0.56 kB
dist/js/twitch-D5vQpDWJ.js                         1.01 kB │ gzip:   0.55 kB
dist/js/bank-Bmek2A0V.js                           1.05 kB │ gzip:   0.58 kB
dist/js/apple-Dijyfy9i.js                          1.07 kB │ gzip:   0.58 kB
dist/js/play-store-CQP3qPbE.js                     1.11 kB │ gzip:   0.58 kB
dist/js/farcaster-BtlT1DD7.js                      1.12 kB │ gzip:   0.59 kB
dist/js/arrow-bottom-circle-C0kydqZg.js            1.24 kB │ gzip:   0.59 kB
dist/js/github-CC5LiBrk.js                         1.24 kB │ gzip:   0.65 kB
dist/js/swapHorizontalBold-CarvdJ15.js             1.27 kB │ gzip:   0.68 kB
dist/js/app-store-D5tiMFxV.js                      1.31 kB │ gzip:   0.73 kB
dist/js/mail-BU6cp_2l.js                           1.31 kB │ gzip:   0.71 kB
dist/js/facebook-BiRssfKJ.js                       1.34 kB │ gzip:   0.70 kB
dist/js/wallet-placeholder-BjXkzpTE.js             1.37 kB │ gzip:   0.65 kB
dist/js/desktop-D13abNjM.js                        1.38 kB │ gzip:   0.70 kB
dist/js/discord-Dwp63lg1.js                        1.41 kB │ gzip:   0.71 kB
dist/js/swapHorizontalMedium-0YAB6KsF.js           1.41 kB │ gzip:   0.74 kB
dist/js/user-messages-dbZarFuf.js                  1.43 kB │ gzip:   0.65 kB
dist/js/recycle-horizontal-BKwzjcJk.js             1.45 kB │ gzip:   0.76 kB
dist/js/extension-OVsAG4KH.js                      1.54 kB │ gzip:   0.75 kB
dist/js/telegram-DEs9KWru.js                       1.56 kB │ gzip:   0.89 kB
dist/js/swapHorizontalRoundedBold-BOauMQye.js      1.56 kB │ gzip:   0.83 kB
dist/js/verify-DW3QJPfQ.js                         1.58 kB │ gzip:   0.77 kB
dist/js/qr-code-CPE2AzxK.js                        1.62 kB │ gzip:   0.58 kB
dist/js/browser-Td8h4v4h.js                        1.69 kB │ gzip:   0.84 kB
dist/js/network-placeholder-C3-zblqT.js            1.76 kB │ gzip:   0.79 kB
dist/js/id-CLA8zSMz.js                             1.86 kB │ gzip:   0.87 kB
dist/js/nftPlaceholder-DD0DtoTD.js                 1.86 kB │ gzip:   0.93 kB
dist/js/LazyWeb3Provider-ClhWs-BF.js               2.02 kB │ gzip:   0.87 kB
dist/js/info-BU5ayAr9.js                           2.37 kB │ gzip:   1.20 kB
dist/js/patterns-B5T5Pavy.js                       2.50 kB │ gzip:   0.83 kB
dist/js/exclamation-triangle-Dr121ec1.js           2.53 kB │ gzip:   1.20 kB
dist/js/send-DdpQvZDZ.js                           2.53 kB │ gzip:   1.34 kB
dist/js/card-DIlJ5x7x.js                           2.70 kB │ gzip:   1.23 kB
dist/js/chrome-store-C3cWysva.js                   2.70 kB │ gzip:   1.07 kB
dist/js/reown-logo-K23eYZN3.js                     2.71 kB │ gzip:   1.13 kB
dist/js/lightbulb-CqIbVyDX.js                      2.82 kB │ gzip:   1.28 kB
dist/js/createLensPostMetadata-B9i0Apit.js         2.89 kB │ gzip:   1.26 kB
dist/js/image-DosANuNL.js                          3.60 kB │ gzip:   1.57 kB
dist/js/copy-90xXUD13.js                           3.92 kB │ gzip:   1.54 kB
dist/js/radio-group-TZ3FuphI.js                    3.99 kB │ gzip:   1.82 kB
dist/js/walletconnect-BL0qomTS.js                  4.17 kB │ gzip:   1.72 kB
dist/js/WalletManager-C9PIV_Zh.js                  4.91 kB │ gzip:   1.47 kB
dist/js/UserProfile-B6LS_vM4.js                    5.23 kB │ gzip:   1.49 kB
dist/js/Subscription-CFFJKYLw.js                   5.64 kB │ gzip:   1.65 kB
dist/js/SocialButton-BAACopYu.js                   6.34 kB │ gzip:   2.59 kB
dist/js/useSessionHistory-CoDseS33.js              6.44 kB │ gzip:   2.64 kB
dist/js/SubscriptionManager-DeNstx8B.js            6.78 kB │ gzip:   2.14 kB
dist/js/en-US-WqT-qbX2.js                          6.89 kB │ gzip:   2.33 kB
dist/js/LensSocialFlowPage-CQT2ND_4.js             7.46 kB │ gzip:   2.62 kB
dist/js/breathing-expertise-CvAbsaof.js            8.07 kB │ gzip:   2.87 kB
dist/js/index-BOiLdxYz.js                          9.47 kB │ gzip:   3.07 kB
dist/js/web-DZ-qNjCL.js                            9.76 kB │ gzip:   2.01 kB
dist/js/uploadToGrove-BPA7js-s.js                 11.47 kB │ gzip:   3.87 kB
dist/js/index-BnWROywC.js                         13.09 kB │ gzip:   4.86 kB
dist/js/index-CpNFrsYf.js                         14.50 kB │ gzip:   5.58 kB
dist/js/CommunityFeed-D_ZjjQ_t.js                 15.97 kB │ gzip:   4.60 kB
dist/js/index-2deam7JA.js                         16.23 kB │ gzip:   4.21 kB
dist/js/index-aIuQNevy.js                         19.84 kB │ gzip:   5.63 kB
dist/js/LensSocialHubPage-Ch03mFf7.js             22.91 kB │ gzip:   6.68 kB
dist/js/browser-C4dhdW7t.js                       23.13 kB │ gzip:   8.82 kB
dist/js/InstructorOnboarding-DYglQB52.js          28.83 kB │ gzip:   7.27 kB
dist/js/secp256k1-DZCguZmw.js                     31.07 kB │ gzip:  12.12 kB
dist/js/index-DFZqg72a.js                         38.23 kB │ gzip:   9.21 kB
dist/js/EnhancedMarketplace-DmagA0Qg.js           38.80 kB │ gzip:   9.72 kB
dist/js/w3m-modal-Cnevpf9W.js                     39.45 kB │ gzip:   9.23 kB
dist/js/index-DrAshLsx-DL9U22UZ.js                40.89 kB │ gzip:  12.14 kB
dist/js/index-B31C0Tz2.js                        111.97 kB │ gzip:  32.74 kB
dist/js/ui-CkixfmPN.js                           114.03 kB │ gzip:  36.60 kB
dist/js/basic-Bz5PVTLE.js                        116.81 kB │ gzip:  21.80 kB
dist/js/Results-B9QT4tCj.js                      117.27 kB │ gzip:  33.22 kB
dist/js/CreatePattern-Dp1tq6S2.js                125.77 kB │ gzip:  35.94 kB
dist/js/vendor-CjOn0CKD.js                       162.52 kB │ gzip:  52.84 kB
dist/js/index-DQYHG_3C.js                        297.96 kB │ gzip:  87.53 kB
dist/js/index.es-D1h4DI3t.js                     302.97 kB │ gzip:  80.63 kB
dist/js/lens-C9jMNdAw.js                         335.53 kB │ gzip:  81.28 kB
dist/js/index-CKN5xGos.js                        340.78 kB │ gzip:  96.74 kB
dist/js/Progress-Hy6NjGqQ.js                     393.12 kB │ gzip: 103.75 kB
dist/js/core-DgfUvyh8.js                         462.86 kB │ gzip: 124.78 kB
dist/js/flow-BBBdBE07.js                         675.04 kB │ gzip: 213.27 kB
dist/js/index-Biu0l4hF.js                        819.91 kB │ gzip: 222.71 kB
dist/js/web3-Bm5QMRMW.js                       1,291.84 kB │ gzip: 395.47 kB
✓ built in 1m 59s
