src/ai-agent/breathing-pattern-plugin/src/ai-breathing-coach.ts(218,31): error TS2571: Object is of type 'unknown'.
src/ai-agent/breathing-pattern-plugin/src/ai-breathing-coach.ts(252,34): error TS2571: Object is of type 'unknown'.
src/ai-agent/breathing-pattern-plugin/src/ai-breathing-coach.ts(457,46): error TS2307: Cannot find module '../../../../lib/flow/nft-client' or its corresponding type declarations.
src/ai-agent/breathing-pattern-plugin/src/ai-breathing-coach.ts(465,27): error TS2339: Property 'audioUrl' does not exist on type 'BreathingPattern'.
src/ai-agent/breathing-pattern-plugin/src/ai-breathing-coach.ts(487,46): error TS2307: Cannot find module '../../../../lib/flow/nft-client' or its corresponding type declarations.
src/ai-agent/breathing-pattern-plugin/src/ai-breathing-coach.ts(526,43): error TS2307: Cannot find module '../../../../lib/lens/client' or its corresponding type declarations.
src/ai-agent/breathing-pattern-plugin/src/ai-breathing-coach.ts(576,43): error TS2307: Cannot find module '../../../../lib/lens/client' or its corresponding type declarations.
src/App.tsx(77,47): error TS2322: Type '{ enhanced: boolean; }' is not assignable to type 'IntrinsicAttributes'.
  Property 'enhanced' does not exist on type 'IntrinsicAttributes'.
src/App.tsx(78,55): error TS2322: Type '{ enhanced: boolean; }' is not assignable to type 'IntrinsicAttributes'.
  Property 'enhanced' does not exist on type 'IntrinsicAttributes'.
src/components/auth/UnifiedAuthFlow.tsx(69,24): error TS2554: Expected 0 arguments, but got 1.
src/components/auth/UnifiedAuthFlow.tsx(377,12): error TS2551: Property 'isLoading' does not exist on type 'UseAuthReturn'. Did you mean 'loading'?
src/components/BreathingAnimation.tsx(162,8): error TS2304: Cannot find name 'motion'.
src/components/composite/PatternCard/PatternCard.tsx(163,30): error TS2322: Type 'unknown' is not assignable to type 'string | undefined'.
src/components/composite/PatternCard/PatternCard.tsx(165,39): error TS2345: Argument of type 'unknown' is not assignable to parameter of type 'string'.
src/components/composite/PatternCard/PatternCard.tsx(172,19): error TS2322: Type 'unknown' is not assignable to type 'ReactNode'.
src/components/composite/PatternCard/PatternCard.tsx(175,22): error TS2322: Type 'unknown' is not assignable to type 'ReactNode'.
src/components/composite/PatternCard/PatternCard.tsx(184,17): error TS2322: Type 'unknown' is not assignable to type 'ReactNode'.
src/components/composite/PatternCard/PatternCard.tsx(191,13): error TS2322: Type 'unknown' is not assignable to type 'ReactNode'.
src/components/composite/PatternCard/PatternCard.tsx(192,13): error TS2322: Type 'unknown' is not assignable to type 'ReactNode'.
src/components/composite/PatternCard/PatternCard.tsx(197,13): error TS2322: Type 'unknown' is not assignable to type 'ReactNode'.
src/components/composite/PatternCard/PatternCard.tsx(203,52): error TS2339: Property 'type' does not exist on type '{}'.
src/components/composite/PatternCard/PatternCard.tsx(206,33): error TS2339: Property 'price' does not exist on type '{}'.
src/components/composite/PatternCard/PatternCard.tsx(206,56): error TS2339: Property 'currency' does not exist on type '{}'.
src/components/composite/PatternCard/PatternCard.tsx(210,13): error TS2322: Type 'unknown' is not assignable to type 'ReactNode'.
src/components/composite/PatternCard/PatternCard.tsx(212,30): error TS2345: Argument of type '{}' is not assignable to parameter of type 'number'.
src/components/composite/PatternCard/PatternCard.tsx(217,31): error TS2339: Property 'type' does not exist on type '{}'.
src/components/composite/PatternCard/PatternCard.tsx(225,14): error TS2365: Operator '>' cannot be applied to types '{}' and 'number'.
src/components/composite/PatternCard/PatternCard.tsx(228,31): error TS2339: Property 'toFixed' does not exist on type '{}'.
src/components/composite/PatternCard/PatternCard.tsx(229,18): error TS2365: Operator '>' cannot be applied to types '{}' and 'number'.
src/components/composite/PatternCard/PatternCard.tsx(230,60): error TS2322: Type '{}' is not assignable to type 'ReactNode'.
src/components/composite/PatternCard/PatternCard.tsx(236,15): error TS2322: Type 'unknown' is not assignable to type 'ReactNode'.
src/components/composite/PatternCard/PatternCard.tsx(239,38): error TS2345: Argument of type '{}' is not assignable to parameter of type 'number'.
src/components/composite/PatternCard/PatternCard.tsx(242,15): error TS2322: Type 'unknown' is not assignable to type 'ReactNode'.
src/components/composite/PatternCard/PatternCard.tsx(245,38): error TS2345: Argument of type '{}' is not assignable to parameter of type 'number'.
src/components/composite/PatternCard/PatternCard.tsx(248,16): error TS2365: Operator '>' cannot be applied to types '{}' and 'number'.
src/components/composite/PatternCard/PatternCard.tsx(251,38): error TS2345: Argument of type '{}' is not assignable to parameter of type 'number'.
src/components/composite/PatternCard/PatternCard.tsx(261,9): error TS2322: Type 'unknown' is not assignable to type 'ReactNode'.
src/components/composite/PatternCard/PatternCard.tsx(265,13): error TS2322: Type 'unknown' is not assignable to type 'ReactNode'.
src/components/composite/PatternCard/PatternCard.tsx(270,9): error TS2322: Type 'unknown' is not assignable to type 'ReactNode'.
src/components/composite/PatternCard/PatternCard.tsx(270,58): error TS2339: Property 'length' does not exist on type '{}'.
src/components/composite/PatternCard/PatternCard.tsx(272,27): error TS2339: Property 'slice' does not exist on type '{}'.
src/components/composite/PatternCard/PatternCard.tsx(277,27): error TS2339: Property 'length' does not exist on type '{}'.
src/components/composite/PatternCard/PatternCard.tsx(279,32): error TS2339: Property 'length' does not exist on type '{}'.
src/components/composite/PatternCard/PatternCard.tsx(290,44): error TS2322: Type 'unknown' is not assignable to type 'ReactNode'.
src/components/composite/PatternCard/PatternCard.tsx(300,15): error TS2322: Type 'unknown' is not assignable to type 'ReactNode'.
src/components/composite/PatternCard/PatternCard.tsx(305,35): error TS2345: Argument of type 'unknown' is not assignable to parameter of type 'number'.
src/components/composite/PatternCard/PatternCard.tsx(312,35): error TS2339: Property 'instructionalVideo' does not exist on type '{}'.
src/components/composite/PatternCard/PatternCard.tsx(321,35): error TS2339: Property 'audio' does not exist on type '{}'.
src/components/composite/PatternCard/PatternCard.tsx(342,17): error TS2322: Type 'Record<string, unknown> | UnifiedPattern' is not assignable to type 'CustomPattern & { likes?: number | undefined; shares?: number | undefined; comments?: number | undefined; bookmarks?: number | undefined; isLiked?: boolean | undefined; isBookmarked?: boolean | undefined; }'.
  Type 'Record<string, unknown>' is not assignable to type 'CustomPattern & { likes?: number | undefined; shares?: number | undefined; comments?: number | undefined; bookmarks?: number | undefined; isLiked?: boolean | undefined; isBookmarked?: boolean | undefined; }'.
    Type 'Record<string, unknown>' is missing the following properties from type 'CustomPattern': id, name, description, phases, and 4 more.
src/components/composite/PatternCard/PatternCard.tsx(349,17): error TS2322: Type '(pat: UnifiedPattern | Record<string, unknown>) => Promise<void>' is not assignable to type '(pattern: CustomPattern) => Promise<void>'.
  Types of parameters 'pat' and 'pattern' are incompatible.
    Type 'CustomPattern' is not assignable to type 'Record<string, unknown> | UnifiedPattern'.
      Type 'CustomPattern' is not assignable to type 'Record<string, unknown>'.
        Index signature for type 'string' is missing in type 'CustomPattern'.
src/components/composite/PatternCard/PatternCard.tsx(391,11): error TS2322: Type 'unknown' is not assignable to type 'ReactNode'.
src/components/composite/PatternCard/PatternCard.tsx(429,30): error TS2339: Property 'type' does not exist on type '{}'.
src/components/composite/PatternCard/PatternCard.tsx(442,39): error TS2345: Argument of type 'unknown' is not assignable to parameter of type 'string'.
src/components/composite/PatternCard/PatternCard.tsx(450,15): error TS2322: Type '{}' is not assignable to type 'ReactNode'.
src/components/composite/PatternCard/PatternCard.tsx(458,15): error TS2322: Type '{}' is not assignable to type 'ReactNode'.
src/components/composite/PatternCard/PatternCard.tsx(462,43): error TS2345: Argument of type 'unknown' is not assignable to parameter of type 'string'.
src/components/debug/AIAnalysisDebugButton.tsx(141,21): error TS2322: Type 'unknown' is not assignable to type 'ReactNode'.
src/components/monetization/SubscriptionManager.tsx(115,58): error TS2339: Property 'restorePurchases' does not exist on type 'RevenueCatService'.
src/components/monetization/SubscriptionManager.tsx(117,23): error TS2339: Property 'hasFeatureAccess' does not exist on type 'RevenueCatService'.
src/components/monetization/SubscriptionManager.tsx(127,54): error TS2339: Property 'packageId' does not exist on type 'SubscriptionTier'.
src/components/monetization/SubscriptionManager.tsx(143,43): error TS2304: Cannot find name 'PurchaseItem'.
src/components/session/MoodBasedRecommendations.tsx(155,9): error TS2322: Type 'string | undefined' is not assignable to type '"sleep" | "focus" | "stress" | "energy" | "general" | undefined'.
  Type 'string' is not assignable to type '"sleep" | "focus" | "stress" | "energy" | "general" | undefined'.
src/components/session/MoodBasedRecommendations.tsx(504,46): error TS2339: Property 'benefits' does not exist on type '{ name: string; }'.
src/components/session/ResponsiveEnhancedSession.tsx(157,9): error TS2322: Type 'string | null' is not assignable to type 'string'.
  Type 'null' is not assignable to type 'string'.
src/components/social/BreathingSessionPost.tsx(198,30): error TS2339: Property 'timestamp' does not exist on type 'BreathingSession'.
src/components/social/BreathingSessionPost.tsx(218,30): error TS2339: Property 'timestamp' does not exist on type 'BreathingSession'.
src/components/social/BreathingSessionPost.tsx(221,29): error TS2339: Property 'insights' does not exist on type 'BreathingSession'.
src/components/social/BreathingSessionPost.tsx(222,30): error TS2339: Property 'nftId' does not exist on type 'BreathingSession'.
src/components/social/BreathingSessionPost.tsx(243,32): error TS2339: Property 'timestamp' does not exist on type 'BreathingSession'.
src/components/social/BreathingSessionPost.tsx(246,31): error TS2339: Property 'insights' does not exist on type 'BreathingSession'.
src/components/social/BreathingSessionPost.tsx(247,32): error TS2339: Property 'nftId' does not exist on type 'BreathingSession'.
src/components/social/ResponsiveSocialCreate.tsx(58,43): error TS2339: Property 'getTemplates' does not exist on type 'typeof PersonalizedTemplates'.
src/components/social/ResponsiveSocialCreate.tsx(113,37): error TS7006: Parameter 't' implicitly has an 'any' type.
src/components/social/ResponsiveSocialCreate.tsx(149,44): error TS7006: Parameter 'template' implicitly has an 'any' type.
src/components/ui/alert-dialog.tsx(5,10): error TS2459: Module '"@/components/ui/button"' declares 'buttonVariants' locally, but it is not exported.
src/components/ui/calendar.tsx(6,10): error TS2459: Module '"@/components/ui/button"' declares 'buttonVariants' locally, but it is not exported.
src/components/ui/LoadingIndicator.tsx(17,51): error TS2306: File '/Users/udingethe/Dev/imperfect-breath/src/stores/loadingStore.ts' is not a module.
src/components/ui/LoadingIndicator.tsx(148,42): error TS7006: Parameter 'state' implicitly has an 'any' type.
src/components/ui/LoadingIndicator.tsx(149,37): error TS7006: Parameter 'state' implicitly has an 'any' type.
src/components/ui/LoadingIndicator.tsx(192,14): error TS2304: Cannot find name 'loadingStore'.
src/components/ui/pagination.tsx(5,23): error TS2459: Module '"@/components/ui/button"' declares 'buttonVariants' locally, but it is not exported.
src/components/ui/toggle-group.tsx(6,10): error TS2459: Module '"@/components/ui/toggle"' declares 'toggleVariants' locally, but it is not exported.
src/components/ui/toggle-group.tsx(20,4): error TS2322: Type '{ children: Element; ref: ForwardedRef<HTMLDivElement>; className: string; } | { children: Element; ref: ForwardedRef<HTMLDivElement>; className: string; }' is not assignable to type 'IntrinsicAttributes & ((ToggleGroupSingleProps | ToggleGroupMultipleProps) & RefAttributes<HTMLDivElement>)'.
  Type '{ children: Element; ref: ForwardedRef<HTMLDivElement>; className: string; }' is not assignable to type 'IntrinsicAttributes & ((ToggleGroupSingleProps | ToggleGroupMultipleProps) & RefAttributes<HTMLDivElement>)'.
    Property 'type' is missing in type '{ children: Element; ref: ForwardedRef<HTMLDivElement>; className: string; }' but required in type 'ToggleGroupMultipleProps'.
src/components/ui/toggle-group.tsx(41,6): error TS2741: Property 'value' is missing in type '{ children: any; ref: ForwardedRef<HTMLButtonElement>; className: string; }' but required in type 'Omit<ToggleGroupItemImplProps, "pressed">'.
src/components/ui/useLoadingIndicators.ts(1,51): error TS2306: File '/Users/udingethe/Dev/imperfect-breath/src/stores/loadingStore.ts' is not a module.
src/components/ui/useLoadingIndicators.ts(21,42): error TS7006: Parameter 'state' implicitly has an 'any' type.
src/components/ui/useLoadingIndicators.ts(22,37): error TS7006: Parameter 'state' implicitly has an 'any' type.
src/components/ui/useLoadingIndicators.ts(29,29): error TS7006: Parameter 'state' implicitly has an 'any' type.
src/components/unified/SessionCompleteModal.tsx(76,9): error TS2741: Property 'completedAt' is missing in type '{ patternName: string; duration: number; score: number; cycles: number | undefined; breathHoldTime: number | undefined; }' but required in type 'BreathingSession'.
src/components/wallet/ConnectWalletButton.tsx(98,25): error TS2304: Cannot find name 'walletStatus'.
src/components/wallet/ConnectWalletButton.tsx(117,25): error TS2304: Cannot find name 'walletStatus'.
src/components/wallet/ImprovedWalletConnection.tsx(181,38): error TS18047: 'currentNetwork' is possibly 'null'.
src/components/wallet/ImprovedWalletConnection.tsx(183,39): error TS18047: 'currentNetwork' is possibly 'null'.
src/components/wallet/ImprovedWalletConnection.tsx(196,37): error TS18047: 'currentNetwork' is possibly 'null'.
src/components/wallet/ImprovedWalletConnection.tsx(255,16): error TS18047: 'currentNetwork' is possibly 'null'.
src/hooks/useAdaptivePerformance.ts(66,46): error TS2339: Property 'level' does not exist on type 'Promise<{ level: number; }>'.
src/hooks/useAdaptivePerformance.ts(67,37): error TS2339: Property 'level' does not exist on type 'Promise<{ level: number; }>'.
src/hooks/useAdaptivePerformance.ts(69,19): error TS2339: Property 'addEventListener' does not exist on type 'Promise<{ level: number; }>'.
src/hooks/useAdaptivePerformance.ts(70,48): error TS2339: Property 'level' does not exist on type 'Promise<{ level: number; }>'.
src/hooks/useAdaptivePerformance.ts(71,39): error TS2339: Property 'level' does not exist on type 'Promise<{ level: number; }>'.
src/hooks/useCrossNetwork.ts(4,37): error TS2307: Cannot find module '../lib/cross-network/cross-network-integration' or its corresponding type declarations.
src/hooks/useEmotionalAnalysis.ts(342,15): error TS2484: Export declaration conflicts with exported declaration of 'EmotionalAnalysisConfig'.
src/hooks/useEmotionalAnalysis.ts(342,40): error TS2484: Export declaration conflicts with exported declaration of 'EmotionalAnalysisState'.
src/hooks/useLensFeed.ts(2,10): error TS2614: Module '"../providers/LensProvider"' has no exported member 'useLensContext'. Did you mean to use 'import useLensContext from "../providers/LensProvider"' instead?
src/hooks/useLensFeed.ts(3,30): error TS2307: Cannot find module './lens-types' or its corresponding type declarations.
src/hooks/useMeditationVision.ts(197,3): error TS2322: Type '"error"' is not assignable to type '"fallback" | "backend" | "frontend"'.
src/hooks/useRevenueCatSync.ts(40,9): error TS2352: Conversion of type 'SubscriptionTier | null' to type '"premium" | "pro" | "basic"' may be a mistake because neither type sufficiently overlaps with the other. If this was intentional, convert the expression to 'unknown' first.
  Type 'SubscriptionTier' is not comparable to type '"premium" | "pro" | "basic"'.
src/hooks/useRevenueCatSync.ts(42,28): error TS2339: Property 'features' does not exist on type 'UserSubscription'.
src/hooks/useSession.ts(177,59): error TS2339: Property 'phases' does not exist on type 'BreathingPattern'.
src/hooks/useSession.ts(177,98): error TS2339: Property 'phases' does not exist on type 'BreathingPattern'.
src/hooks/useSession.ts(177,127): error TS2339: Property 'phases' does not exist on type 'BreathingPattern'.
src/hooks/useSession.ts(178,26): error TS2339: Property 'phases' does not exist on type 'BreathingPattern'.
src/hooks/useSession.ts(178,63): error TS2339: Property 'phases' does not exist on type 'BreathingPattern'.
src/hooks/useSession.ts(178,94): error TS2339: Property 'phases' does not exist on type 'BreathingPattern'.
src/hooks/useSession.ts(178,156): error TS2339: Property 'phases' does not exist on type 'BreathingPattern'.
src/hooks/useSession.ts(179,59): error TS2339: Property 'phases' does not exist on type 'BreathingPattern'.
src/hooks/useSession.ts(179,98): error TS2339: Property 'phases' does not exist on type 'BreathingPattern'.
src/hooks/useSession.ts(179,127): error TS2339: Property 'phases' does not exist on type 'BreathingPattern'.
src/hooks/useSession.ts(180,26): error TS2339: Property 'phases' does not exist on type 'BreathingPattern'.
src/hooks/useSession.ts(180,76): error TS2339: Property 'phases' does not exist on type 'BreathingPattern'.
src/hooks/useSession.ts(180,120): error TS2339: Property 'phases' does not exist on type 'BreathingPattern'.
src/hooks/useSession.ts(180,196): error TS2339: Property 'phases' does not exist on type 'BreathingPattern'.
src/hooks/useSession.ts(273,13): error TS2353: Object literal may only specify known properties, and 'gracefulDegradation' does not exist in type 'VisionConfig'.
src/hooks/useSession.ts(396,11): error TS2353: Object literal may only specify known properties, and 'restlessnessScore' does not exist in type 'VisionMetrics'.
src/hooks/useSessionHistory.ts(113,7): error TS2322: Type 'GuestSession[]' is not assignable to type '{ id: string; created_at: string; user_id: string; pattern_name: string; session_duration: number; breath_hold_time: number; restlessness_score: number; quality_score?: number | null | undefined; notes?: string | ... 1 more ... | undefined; ip_registered?: boolean | ... 1 more ... | undefined; ip_asset_id?: string |...'.
  Property 'user_id' is missing in type 'GuestSession' but required in type '{ id: string; created_at: string; user_id: string; pattern_name: string; session_duration: number; breath_hold_time: number; restlessness_score: number; quality_score?: number | null | undefined; notes?: string | ... 1 more ... | undefined; ip_registered?: boolean | ... 1 more ... | undefined; ip_asset_id?: string |...'.
src/hooks/useSessionHistory.ts(124,7): error TS2322: Type 'GuestSession[]' is not assignable to type '{ id: string; created_at: string; user_id: string; pattern_name: string; session_duration: number; breath_hold_time: number; restlessness_score: number; quality_score?: number | null | undefined; notes?: string | ... 1 more ... | undefined; ip_registered?: boolean | ... 1 more ... | undefined; ip_asset_id?: string |...'.
  Property 'user_id' is missing in type 'GuestSession' but required in type '{ id: string; created_at: string; user_id: string; pattern_name: string; session_duration: number; breath_hold_time: number; restlessness_score: number; quality_score?: number | null | undefined; notes?: string | ... 1 more ... | undefined; ip_registered?: boolean | ... 1 more ... | undefined; ip_asset_id?: string |...'.
src/hooks/useSessionHistory.ts(156,64): error TS2769: No overload matches this call.
  Overload 1 of 2, '(values: never, options?: { count?: "exact" | "planned" | "estimated" | undefined; } | undefined): PostgrestFilterBuilder<{ PostgrestVersion: "12"; }, never, never, null, "sessions", never, "POST">', gave the following error.
    Argument of type '{ user_id: string; id?: string | undefined; created_at?: string | undefined; ip_asset_id?: string | null | undefined; ip_registered?: boolean | null | undefined; pattern_name: string; session_duration: number; breath_hold_time: number; restlessness_score: number; quality_score?: number | null | undefined; notes?: st...' is not assignable to parameter of type 'never'.
  Overload 2 of 2, '(values: never[], options?: { count?: "exact" | "planned" | "estimated" | undefined; defaultToNull?: boolean | undefined; } | undefined): PostgrestFilterBuilder<{ PostgrestVersion: "12"; }, never, never, null, "sessions", never, "POST">', gave the following error.
    Argument of type '{ user_id: string; id?: string | undefined; created_at?: string | undefined; ip_asset_id?: string | null | undefined; ip_registered?: boolean | null | undefined; pattern_name: string; session_duration: number; breath_hold_time: number; restlessness_score: number; quality_score?: number | null | undefined; notes?: st...' is not assignable to parameter of type 'never[]'.
      Type '{ user_id: string; id?: string | undefined; created_at?: string | undefined; ip_asset_id?: string | null | undefined; ip_registered?: boolean | null | undefined; pattern_name: string; ... 4 more ...; notes?: string | ... 1 more ... | undefined; }' is missing the following properties from type 'never[]': length, pop, push, concat, and 35 more.
src/hooks/useSessionInitialization.ts(10,41): error TS2307: Cannot find module '../components/session/MeditationSession' or its corresponding type declarations.
src/hooks/useSessionInitialization.ts(56,21): error TS2322: Type '"enhanced" | "basic"' is not assignable to type 'SessionMode'.
  Type '"basic"' is not assignable to type 'SessionMode'.
src/hooks/useStableMetrics.ts(84,15): error TS18048: 'prev.restlessnessScore' is possibly 'undefined'.
src/hooks/useSubscriptionAccess.ts(9,34): error TS2614: Module '"@/lib/monetization/revenueCat"' has no exported member 'SubscriptionStatus'. Did you mean to use 'import SubscriptionStatus from "@/lib/monetization/revenueCat"' instead?
src/hooks/useValidation.ts(110,56): error TS2345: Argument of type 'unknown' is not assignable to parameter of type 'string | number'.
src/hooks/useValidation.ts(113,56): error TS2345: Argument of type 'unknown' is not assignable to parameter of type 'string | number'.
src/lib/agents/ai-breathing-coach.ts(133,29): error TS2554: Expected 1 arguments, but got 0.
src/lib/agents/ai-breathing-coach.ts(192,29): error TS2339: Property 'batchMintBreathingPatterns' does not exist on type 'BaseFlowClient'.
src/lib/agents/ai-breathing-coach.ts(236,31): error TS2339: Property 'getCadenceOwnedAccount' does not exist on type 'BaseFlowClient'.
src/lib/agents/ai-breathing-coach.ts(277,31): error TS2339: Property 'executeBatchedTransactions' does not exist on type 'BaseFlowClient'.
src/lib/agents/ai-breathing-coach.ts(450,103): error TS2339: Property 'rest' does not exist on type 'BreathingPattern'.
src/lib/agents/ai-breathing-coach.ts(468,7): error TS2353: Object literal may only specify known properties, and 'rest' does not exist in type 'BreathingPattern'.
src/lib/agents/ai-breathing-coach.ts(468,25): error TS2339: Property 'rest' does not exist on type 'BreathingPattern'.
src/lib/agents/ai-breathing-coach.ts(567,9): error TS2353: Object literal may only specify known properties, and 'rest' does not exist in type 'BreathingPattern'.
src/lib/agents/ai-breathing-coach.ts(577,9): error TS2353: Object literal may only specify known properties, and 'rest' does not exist in type 'BreathingPattern'.
src/lib/ai/enhanced-prompts.ts(119,7): error TS18048: 'sessionData.breathHoldTime' is possibly 'undefined'.
src/lib/ai/recommendations.ts(127,9): error TS2353: Object literal may only specify known properties, and 'isPublic' does not exist in type 'CustomPattern'.
src/lib/ai/recommendations.ts(146,9): error TS2353: Object literal may only specify known properties, and 'isPublic' does not exist in type 'CustomPattern'.
src/lib/ai/recommendations.ts(210,9): error TS2353: Object literal may only specify known properties, and 'isPublic' does not exist in type 'CustomPattern'.
src/lib/ai/recommendations.ts(237,9): error TS2353: Object literal may only specify known properties, and 'isPublic' does not exist in type 'CustomPattern'.
src/lib/api/unified-data-client.ts(54,19): error TS2345: Argument of type 'any' is not assignable to parameter of type 'never'.
src/lib/api/unified-data-client.ts(72,19): error TS2345: Argument of type 'any' is not assignable to parameter of type 'never'.
src/lib/breathing/emotional-pattern-adapter.ts(94,7): error TS2353: Object literal may only specify known properties, and 'phases' does not exist in type 'BreathingPattern'.
src/lib/breathing/emotional-pattern-adapter.ts(94,30): error TS2339: Property 'phases' does not exist on type 'BreathingPattern'.
src/lib/breathing/emotional-pattern-adapter.ts(94,41): error TS7006: Parameter 'phase' implicitly has an 'any' type.
src/lib/breathing/emotional-pattern-adapter.ts(99,27): error TS2339: Property 'metadata' does not exist on type 'BreathingPattern'.
src/lib/flow/clients/base-client.ts(108,33): error TS2339: Property 'account' does not exist on type 'typeof import("@onflow/fcl")'.
src/lib/flow/clients/base-client.ts(143,32): error TS2339: Property 'query' does not exist on type 'typeof import("@onflow/fcl")'.
src/lib/flow/clients/base-client.ts(176,9): error TS2353: Object literal may only specify known properties, and 'proposer' does not exist in type '{ cadence: string; args?: ((arg: unknown, t: Record<string, unknown>) => unknown[]) | undefined; limit?: number | undefined; }'.
src/lib/flow/clients/base-client.ts(176,42): error TS2339: Property 'proposer' does not exist on type 'typeof import("@onflow/fcl")'.
src/lib/flow/clients/base-client.ts(177,36): error TS2339: Property 'payer' does not exist on type 'typeof import("@onflow/fcl")'.
src/lib/flow/clients/base-client.ts(179,45): error TS2339: Property 'authorization' does not exist on type 'typeof import("@onflow/fcl")'.
src/lib/flow/clients/base-client.ts(180,16): error TS2339: Property 'authz' does not exist on type 'typeof import("@onflow/fcl")'.
src/lib/flow/clients/base-client.ts(200,28): error TS2339: Property 'tx' does not exist on type 'typeof import("@onflow/fcl")'.
src/lib/flow/clients/base-client.ts(218,32): error TS2339: Property 'tx' does not exist on type 'typeof import("@onflow/fcl")'.
src/lib/flow/config.ts(82,9): error TS2322: Type '() => Promise<{ appIdentifier: string; nonce: string; }>' is not assignable to type 'string | number'.
src/lib/flow/config.ts(183,24): error TS2339: Property 'send' does not exist on type 'typeof import("@onflow/fcl")'.
src/lib/flow/config.ts(183,34): error TS2339: Property 'getAccount' does not exist on type 'typeof import("@onflow/fcl")'.
src/lib/flow/config.ts(183,65): error TS2339: Property 'decode' does not exist on type 'typeof import("@onflow/fcl")'.
src/lib/flow/config.ts(195,24): error TS2339: Property 'tx' does not exist on type 'typeof import("@onflow/fcl")'.
src/lib/flow/config.ts(207,24): error TS2339: Property 'tx' does not exist on type 'typeof import("@onflow/fcl")'.
src/lib/flow/cross-network/__tests__/cross-network-integration.test.ts(78,9): error TS2322: Type '{ id: string; name: string; description: string; image: string; attributes: { inhale: number; hold: number; exhale: number; rest: number; difficulty: string; category: string; tags: string[]; totalCycles: number; estimatedDuration: number; }; owner: string; creator: string; royalties: never[]; metadata: {}; }' is not assignable to type 'BreathingPatternNFT'.
  The types of 'attributes.difficulty' are incompatible between these types.
    Type 'string' is not assignable to type '"beginner" | "intermediate" | "advanced"'.
src/lib/flow/cross-network/__tests__/cross-network-integration.test.ts(120,9): error TS2322: Type '{ id: string; name: string; description: string; image: string; attributes: { inhale: number; hold: number; exhale: number; rest: number; difficulty: string; category: string; tags: string[]; totalCycles: number; estimatedDuration: number; }; owner: string; creator: string; royalties: never[]; metadata: {}; }' is not assignable to type 'BreathingPatternNFT'.
  The types of 'attributes.difficulty' are incompatible between these types.
    Type 'string' is not assignable to type '"beginner" | "intermediate" | "advanced"'.
src/lib/flow/cross-network/__tests__/cross-network-integration.test.ts(164,9): error TS2322: Type '{ id: string; name: string; description: string; image: string; attributes: { inhale: number; hold: number; exhale: number; rest: number; difficulty: string; category: string; tags: string[]; totalCycles: number; estimatedDuration: number; }; owner: string; creator: string; royalties: never[]; metadata: {}; }' is not assignable to type 'BreathingPatternNFT'.
  The types of 'attributes.difficulty' are incompatible between these types.
    Type 'string' is not assignable to type '"beginner" | "intermediate" | "advanced"'.
src/lib/flow/cross-network/__tests__/cross-network-integration.test.ts(207,9): error TS2322: Type '{ id: string; name: string; description: string; image: string; attributes: { inhale: number; hold: number; exhale: number; rest: number; difficulty: string; category: string; tags: string[]; totalCycles: number; estimatedDuration: number; }; owner: string; creator: string; royalties: never[]; metadata: {}; }' is not assignable to type 'BreathingPatternNFT'.
  The types of 'attributes.difficulty' are incompatible between these types.
    Type 'string' is not assignable to type '"beginner" | "intermediate" | "advanced"'.
src/lib/flow/cross-network/__tests__/cross-network-integration.test.ts(266,9): error TS2345: Argument of type '{ type: "mint"; params: { patternId: string; }; }[]' is not assignable to parameter of type '{ type: "source" | "sink" | "swap" | "nft_transfer"; params: Record<string, unknown>; }[]'.
  Type '{ type: "mint"; params: { patternId: string; }; }' is not assignable to type '{ type: "source" | "sink" | "swap" | "nft_transfer"; params: Record<string, unknown>; }'.
    Types of property 'type' are incompatible.
      Type '"mint"' is not assignable to type '"source" | "sink" | "swap" | "nft_transfer"'.
src/lib/flow/enhanced-flow-client.ts(211,32): error TS2339: Property 'query' does not exist on type 'typeof import("@onflow/fcl")'.
src/lib/flow/enhanced-flow-client.ts(213,16): error TS7006: Parameter 'arg' implicitly has an 'any' type.
src/lib/flow/enhanced-flow-client.ts(213,21): error TS7006: Parameter 't' implicitly has an 'any' type.
src/lib/flow/enhanced-flow-client.ts(285,11): error TS18046: 'arg' is of type 'unknown'.
src/lib/flow/enhanced-flow-client.ts(287,13): error TS18046: 't.Array' is of type 'unknown'.
src/lib/flow/enhanced-flow-client.ts(287,22): error TS18046: 't.Dictionary' is of type 'unknown'.
src/lib/flow/enhanced-flow-client.ts(289,11): error TS18046: 'arg' is of type 'unknown'.
src/lib/flow/enhanced-flow-client.ts(291,9): error TS2353: Object literal may only specify known properties, and 'proposer' does not exist in type '{ cadence: string; args?: ((arg: unknown, t: Record<string, unknown>) => unknown[]) | undefined; limit?: number | undefined; }'.
src/lib/flow/enhanced-flow-client.ts(291,23): error TS2339: Property 'authz' does not exist on type 'typeof import("@onflow/fcl")'.
src/lib/flow/enhanced-flow-client.ts(292,20): error TS2339: Property 'authz' does not exist on type 'typeof import("@onflow/fcl")'.
src/lib/flow/enhanced-flow-client.ts(293,30): error TS2339: Property 'authz' does not exist on type 'typeof import("@onflow/fcl")'.
src/lib/flow/enhanced-flow-client.ts(298,32): error TS2339: Property 'tx' does not exist on type 'typeof import("@onflow/fcl")'.
src/lib/flow/enhanced-flow-client.ts(398,11): error TS18046: 'arg' is of type 'unknown'.
src/lib/flow/enhanced-flow-client.ts(399,11): error TS18046: 'arg' is of type 'unknown'.
src/lib/flow/enhanced-flow-client.ts(400,11): error TS18046: 'arg' is of type 'unknown'.
src/lib/flow/enhanced-flow-client.ts(401,11): error TS18046: 'arg' is of type 'unknown'.
src/lib/flow/enhanced-flow-client.ts(403,9): error TS2353: Object literal may only specify known properties, and 'proposer' does not exist in type '{ cadence: string; args?: ((arg: unknown, t: Record<string, unknown>) => unknown[]) | undefined; limit?: number | undefined; }'.
src/lib/flow/enhanced-flow-client.ts(403,23): error TS2339: Property 'authz' does not exist on type 'typeof import("@onflow/fcl")'.
src/lib/flow/enhanced-flow-client.ts(404,20): error TS2339: Property 'authz' does not exist on type 'typeof import("@onflow/fcl")'.
src/lib/flow/enhanced-flow-client.ts(405,30): error TS2339: Property 'authz' does not exist on type 'typeof import("@onflow/fcl")'.
src/lib/flow/enhanced-flow-client.ts(486,32): error TS2339: Property 'query' does not exist on type 'typeof import("@onflow/fcl")'.
src/lib/flow/enhanced-flow-client.ts(488,16): error TS7006: Parameter 'arg' implicitly has an 'any' type.
src/lib/flow/enhanced-flow-client.ts(488,21): error TS7006: Parameter 't' implicitly has an 'any' type.
src/lib/flow/enhanced-flow-client.ts(543,9): error TS2353: Object literal may only specify known properties, and 'proposer' does not exist in type '{ cadence: string; args?: ((arg: unknown, t: Record<string, unknown>) => unknown[]) | undefined; limit?: number | undefined; }'.
src/lib/flow/enhanced-flow-client.ts(543,23): error TS2339: Property 'authz' does not exist on type 'typeof import("@onflow/fcl")'.
src/lib/flow/enhanced-flow-client.ts(544,20): error TS2339: Property 'authz' does not exist on type 'typeof import("@onflow/fcl")'.
src/lib/flow/enhanced-flow-client.ts(545,30): error TS2339: Property 'authz' does not exist on type 'typeof import("@onflow/fcl")'.
src/lib/flow/enhanced-flow-client.ts(549,32): error TS2339: Property 'tx' does not exist on type 'typeof import("@onflow/fcl")'.
src/lib/flow/nft-client.ts(69,9): error TS2353: Object literal may only specify known properties, and 'proposer' does not exist in type '{ cadence: string; args?: ((arg: unknown, t: Record<string, unknown>) => unknown[]) | undefined; limit?: number | undefined; }'.
src/lib/flow/nft-client.ts(69,37): error TS2339: Property 'authorization' does not exist on type '{ snapshot(): Promise<{ addr: string | null; loggedIn: boolean; }>; subscribe(callback: (user: { addr: string | null; loggedIn: boolean; }) => void): () => void; }'.
src/lib/flow/nft-client.ts(70,34): error TS2339: Property 'authorization' does not exist on type '{ snapshot(): Promise<{ addr: string | null; loggedIn: boolean; }>; subscribe(callback: (user: { addr: string | null; loggedIn: boolean; }) => void): () => void; }'.
src/lib/flow/nft-client.ts(71,44): error TS2339: Property 'authorization' does not exist on type '{ snapshot(): Promise<{ addr: string | null; loggedIn: boolean; }>; subscribe(callback: (user: { addr: string | null; loggedIn: boolean; }) => void): () => void; }'.
src/lib/flow/nft-client.ts(77,32): error TS2339: Property 'tx' does not exist on type 'typeof import("@onflow/fcl")'.
src/lib/flow/nft-client.ts(128,11): error TS18046: 'arg' is of type 'unknown'.
src/lib/flow/nft-client.ts(129,11): error TS18046: 'arg' is of type 'unknown'.
src/lib/flow/nft-client.ts(130,11): error TS18046: 'arg' is of type 'unknown'.
src/lib/flow/nft-client.ts(135,13): error TS18046: 't.Dictionary' is of type 'unknown'.
src/lib/flow/nft-client.ts(137,11): error TS18046: 'arg' is of type 'unknown'.
src/lib/flow/nft-client.ts(137,45): error TS18046: 't.Optional' is of type 'unknown'.
src/lib/flow/nft-client.ts(139,9): error TS2353: Object literal may only specify known properties, and 'proposer' does not exist in type '{ cadence: string; args?: ((arg: unknown, t: Record<string, unknown>) => unknown[]) | undefined; limit?: number | undefined; }'.
src/lib/flow/nft-client.ts(139,37): error TS2339: Property 'authorization' does not exist on type '{ snapshot(): Promise<{ addr: string | null; loggedIn: boolean; }>; subscribe(callback: (user: { addr: string | null; loggedIn: boolean; }) => void): () => void; }'.
src/lib/flow/nft-client.ts(140,34): error TS2339: Property 'authorization' does not exist on type '{ snapshot(): Promise<{ addr: string | null; loggedIn: boolean; }>; subscribe(callback: (user: { addr: string | null; loggedIn: boolean; }) => void): () => void; }'.
src/lib/flow/nft-client.ts(141,44): error TS2339: Property 'authorization' does not exist on type '{ snapshot(): Promise<{ addr: string | null; loggedIn: boolean; }>; subscribe(callback: (user: { addr: string | null; loggedIn: boolean; }) => void): () => void; }'.
src/lib/flow/nft-client.ts(147,32): error TS2339: Property 'tx' does not exist on type 'typeof import("@onflow/fcl")'.
src/lib/flow/nft-client.ts(190,11): error TS18046: 'arg' is of type 'unknown'.
src/lib/flow/nft-client.ts(191,11): error TS18046: 'arg' is of type 'unknown'.
src/lib/flow/nft-client.ts(193,9): error TS2353: Object literal may only specify known properties, and 'proposer' does not exist in type '{ cadence: string; args?: ((arg: unknown, t: Record<string, unknown>) => unknown[]) | undefined; limit?: number | undefined; }'.
src/lib/flow/nft-client.ts(193,37): error TS2339: Property 'authorization' does not exist on type '{ snapshot(): Promise<{ addr: string | null; loggedIn: boolean; }>; subscribe(callback: (user: { addr: string | null; loggedIn: boolean; }) => void): () => void; }'.
src/lib/flow/nft-client.ts(194,34): error TS2339: Property 'authorization' does not exist on type '{ snapshot(): Promise<{ addr: string | null; loggedIn: boolean; }>; subscribe(callback: (user: { addr: string | null; loggedIn: boolean; }) => void): () => void; }'.
src/lib/flow/nft-client.ts(195,44): error TS2339: Property 'authorization' does not exist on type '{ snapshot(): Promise<{ addr: string | null; loggedIn: boolean; }>; subscribe(callback: (user: { addr: string | null; loggedIn: boolean; }) => void): () => void; }'.
src/lib/flow/nft-client.ts(201,32): error TS2339: Property 'tx' does not exist on type 'typeof import("@onflow/fcl")'.
src/lib/flow/nft-client.ts(242,28): error TS18046: 'arg' is of type 'unknown'.
src/lib/flow/nft-client.ts(243,9): error TS2353: Object literal may only specify known properties, and 'proposer' does not exist in type '{ cadence: string; args?: ((arg: unknown, t: Record<string, unknown>) => unknown[]) | undefined; limit?: number | undefined; }'.
src/lib/flow/nft-client.ts(243,37): error TS2339: Property 'authorization' does not exist on type '{ snapshot(): Promise<{ addr: string | null; loggedIn: boolean; }>; subscribe(callback: (user: { addr: string | null; loggedIn: boolean; }) => void): () => void; }'.
src/lib/flow/nft-client.ts(244,34): error TS2339: Property 'authorization' does not exist on type '{ snapshot(): Promise<{ addr: string | null; loggedIn: boolean; }>; subscribe(callback: (user: { addr: string | null; loggedIn: boolean; }) => void): () => void; }'.
src/lib/flow/nft-client.ts(245,44): error TS2339: Property 'authorization' does not exist on type '{ snapshot(): Promise<{ addr: string | null; loggedIn: boolean; }>; subscribe(callback: (user: { addr: string | null; loggedIn: boolean; }) => void): () => void; }'.
src/lib/flow/nft-client.ts(251,32): error TS2339: Property 'tx' does not exist on type 'typeof import("@onflow/fcl")'.
src/lib/flow/nft-client.ts(298,11): error TS18046: 'arg' is of type 'unknown'.
src/lib/flow/nft-client.ts(299,11): error TS18046: 'arg' is of type 'unknown'.
src/lib/flow/nft-client.ts(300,11): error TS18046: 'arg' is of type 'unknown'.
src/lib/flow/nft-client.ts(301,11): error TS18046: 'arg' is of type 'unknown'.
src/lib/flow/nft-client.ts(302,11): error TS18046: 'arg' is of type 'unknown'.
src/lib/flow/nft-client.ts(304,9): error TS2353: Object literal may only specify known properties, and 'proposer' does not exist in type '{ cadence: string; args?: ((arg: unknown, t: Record<string, unknown>) => unknown[]) | undefined; limit?: number | undefined; }'.
src/lib/flow/nft-client.ts(304,37): error TS2339: Property 'authorization' does not exist on type '{ snapshot(): Promise<{ addr: string | null; loggedIn: boolean; }>; subscribe(callback: (user: { addr: string | null; loggedIn: boolean; }) => void): () => void; }'.
src/lib/flow/nft-client.ts(305,34): error TS2339: Property 'authorization' does not exist on type '{ snapshot(): Promise<{ addr: string | null; loggedIn: boolean; }>; subscribe(callback: (user: { addr: string | null; loggedIn: boolean; }) => void): () => void; }'.
src/lib/flow/nft-client.ts(306,44): error TS2339: Property 'authorization' does not exist on type '{ snapshot(): Promise<{ addr: string | null; loggedIn: boolean; }>; subscribe(callback: (user: { addr: string | null; loggedIn: boolean; }) => void): () => void; }'.
src/lib/flow/nft-client.ts(312,32): error TS2339: Property 'tx' does not exist on type 'typeof import("@onflow/fcl")'.
src/lib/flow/nft-client.ts(342,32): error TS2339: Property 'query' does not exist on type 'typeof import("@onflow/fcl")'.
src/lib/flow/nft-client.ts(344,16): error TS7006: Parameter 'arg' implicitly has an 'any' type.
src/lib/flow/nft-client.ts(344,21): error TS7006: Parameter 't' implicitly has an 'any' type.
src/lib/flow/nft-client.ts(411,32): error TS2339: Property 'query' does not exist on type 'typeof import("@onflow/fcl")'.
src/lib/flow/nft-client.ts(413,16): error TS7006: Parameter 'arg' implicitly has an 'any' type.
src/lib/flow/nft-client.ts(413,21): error TS7006: Parameter 't' implicitly has an 'any' type.
src/lib/flow/nft-client.ts(461,32): error TS2339: Property 'query' does not exist on type 'typeof import("@onflow/fcl")'.
src/lib/flow/nft-client.ts(511,32): error TS2339: Property 'query' does not exist on type 'typeof import("@onflow/fcl")'.
src/lib/flow/nft-client.ts(513,16): error TS7006: Parameter 'arg' implicitly has an 'any' type.
src/lib/flow/nft-client.ts(513,21): error TS7006: Parameter 't' implicitly has an 'any' type.
src/lib/flow/nft-client.ts(550,32): error TS2339: Property 'query' does not exist on type 'typeof import("@onflow/fcl")'.
src/lib/flow/nft-client.ts(552,16): error TS7006: Parameter 'arg' implicitly has an 'any' type.
src/lib/flow/nft-client.ts(552,21): error TS7006: Parameter 't' implicitly has an 'any' type.
src/lib/lens/__tests__/lens-client.test.ts(442,58): error TS2345: Argument of type '{ patternName: string; duration: number; score: number; cycles: number; breathHoldTime: number; }' is not assignable to parameter of type 'BreathingSession'.
  Property 'completedAt' is missing in type '{ patternName: string; duration: number; score: number; cycles: number; breathHoldTime: number; }' but required in type 'BreathingSession'.
src/lib/lens/client.ts(54,61): error TS2352: Conversion of type 'object & Record<"isOk", unknown>' to type '{ value: T; }' may be a mistake because neither type sufficiently overlaps with the other. If this was intentional, convert the expression to 'unknown' first.
  Property 'value' is missing in type 'object & Record<"isOk", unknown>' but required in type '{ value: T; }'.
src/lib/lens/client.ts(57,70): error TS2352: Conversion of type 'object & Record<"isErr", unknown>' to type '{ value: T; }' may be a mistake because neither type sufficiently overlaps with the other. If this was intentional, convert the expression to 'unknown' first.
  Property 'value' is missing in type 'object & Record<"isErr", unknown>' but required in type '{ value: T; }'.
src/lib/lens/client.ts(367,34): error TS2339: Property 'ownedBy' does not exist on type '{}'.
src/lib/lens/client.ts(367,63): error TS2339: Property 'address' does not exist on type '{}'.
src/lib/lens/client.ts(376,33): error TS2339: Property 'account' does not exist on type '{}'.
src/lib/lens/client.ts(395,20): error TS18046: 'actions' is of type 'unknown'.
src/lib/lens/client.ts(396,32): error TS18046: 'actions' is of type 'unknown'.
src/lib/lens/client.ts(428,27): error TS18046: 'actions' is of type 'unknown'.
src/lib/lens/client.ts(429,32): error TS18046: 'actions' is of type 'unknown'.
src/lib/lens/client.ts(469,15): error TS18046: 'p' is of type 'unknown'.
src/lib/lens/client.ts(470,20): error TS18046: 'p' is of type 'unknown'.
src/lib/lens/client.ts(472,17): error TS18046: 'p' is of type 'unknown'.
src/lib/lens/client.ts(473,22): error TS18046: 'p' is of type 'unknown'.
src/lib/lens/client.ts(474,23): error TS18046: 'p' is of type 'unknown'.
src/lib/lens/client.ts(474,56): error TS18046: 'p' is of type 'unknown'.
src/lib/lens/client.ts(474,87): error TS18046: 'p' is of type 'unknown'.
src/lib/lens/client.ts(475,31): error TS18046: 'p' is of type 'unknown'.
src/lib/lens/client.ts(475,55): error TS18046: 'p' is of type 'unknown'.
src/lib/lens/client.ts(477,22): error TS18046: 'p' is of type 'unknown'.
src/lib/lens/client.ts(478,31): error TS18046: 'p' is of type 'unknown'.
src/lib/lens/client.ts(478,66): error TS18046: 'p' is of type 'unknown'.
src/lib/lens/client.ts(478,99): error TS18046: 'p' is of type 'unknown'.
src/lib/lens/client.ts(479,32): error TS18046: 'p' is of type 'unknown'.
src/lib/lens/client.ts(479,50): error TS18046: 'p' is of type 'unknown'.
src/lib/mobile/orientation-manager.ts(242,52): error TS2339: Property 'lock' does not exist on type 'ScreenOrientation'.
src/lib/mobile/orientation-manager.ts(248,28): error TS2552: Cannot find name 'OrientationLockType'. Did you mean 'OrientationType'?
src/lib/mobile/orientation-manager.ts(261,32): error TS2339: Property 'lock' does not exist on type 'ScreenOrientation'.
src/lib/mobile/orientation-manager.ts(373,76): error TS2339: Property 'lock' does not exist on type 'ScreenOrientation'.
src/lib/patternStorage.ts(87,17): error TS2769: No overload matches this call.
  Overload 1 of 2, '(values: never, options?: { onConflict?: string | undefined; ignoreDuplicates?: boolean | undefined; count?: "exact" | "planned" | "estimated" | undefined; } | undefined): PostgrestFilterBuilder<{ ...; }, ... 5 more ..., "POST">', gave the following error.
    Argument of type 'Omit<SupabasePattern, "created_at">' is not assignable to parameter of type 'never'.
  Overload 2 of 2, '(values: never[], options?: { onConflict?: string | undefined; ignoreDuplicates?: boolean | undefined; count?: "exact" | "planned" | "estimated" | undefined; defaultToNull?: boolean | undefined; } | undefined): PostgrestFilterBuilder<...>', gave the following error.
    Argument of type 'Omit<SupabasePattern, "created_at">' is not assignable to parameter of type 'never[]'.
      Type 'Omit<SupabasePattern, "created_at">' is missing the following properties from type 'never[]': length, pop, push, concat, and 35 more.
src/lib/patternStorage.ts(96,19): error TS2339: Property 'id' does not exist on type 'never'.
src/lib/security/__tests__/security-utils.test.ts(11,24): error TS2304: Cannot find name 'SecurityManager'.
src/lib/security/__tests__/security-utils.test.ts(14,23): error TS2552: Cannot find name 'SecurityManager'. Did you mean 'securityManager'?
src/lib/security/__tests__/security-utils.test.ts(21,22): error TS2304: Cannot find name 'validateAndSanitizeInput'.
src/lib/security/__tests__/security-utils.test.ts(28,22): error TS2304: Cannot find name 'validateAndSanitizeInput'.
src/lib/security/__tests__/security-utils.test.ts(34,22): error TS2304: Cannot find name 'validateAndSanitizeInput'.
src/lib/security/__tests__/security-utils.test.ts(41,22): error TS2304: Cannot find name 'validateAndSanitizeInput'.
src/lib/security/__tests__/security-utils.test.ts(47,22): error TS2304: Cannot find name 'validateAndSanitizeInput'.
src/lib/security/__tests__/security-utils.test.ts(54,22): error TS2304: Cannot find name 'validateAndSanitizeInput'.
src/lib/security/__tests__/security-utils.test.ts(62,21): error TS2304: Cannot find name 'generateCSRFToken'.
src/lib/security/__tests__/security-utils.test.ts(69,21): error TS2304: Cannot find name 'generateCSRFToken'.
src/lib/security/__tests__/security-utils.test.ts(70,23): error TS2304: Cannot find name 'validateCSRFToken'.
src/lib/security/__tests__/security-utils.test.ts(75,22): error TS2304: Cannot find name 'generateCSRFToken'.
src/lib/security/__tests__/security-utils.test.ts(76,22): error TS2304: Cannot find name 'generateCSRFToken'.
src/lib/security/__tests__/security-utils.test.ts(77,23): error TS2304: Cannot find name 'validateCSRFToken'.
src/lib/security/__tests__/security-utils.test.ts(85,25): error TS2304: Cannot find name 'checkRateLimit'.
src/lib/security/__tests__/security-utils.test.ts(94,27): error TS2304: Cannot find name 'checkRateLimit'.
src/lib/security/__tests__/security-utils.test.ts(99,25): error TS2304: Cannot find name 'checkRateLimit'.
src/lib/security/__tests__/security-utils.test.ts(106,25): error TS2304: Cannot find name 'generateSessionId'.
src/lib/security/__tests__/security-utils.test.ts(116,28): error TS2304: Cannot find name 'hashPassword'.
src/lib/security/__tests__/security-utils.test.ts(126,28): error TS2304: Cannot find name 'generateSecureRandomString'.
src/lib/security/__tests__/security-utils.test.ts(133,28): error TS2304: Cannot find name 'generateSecureRandomString'.
src/lib/security/__tests__/security-utils.test.ts(142,23): error TS2304: Cannot find name 'validateJWT'.
src/lib/security/__tests__/security-utils.test.ts(148,23): error TS2304: Cannot find name 'validateJWT'.
src/lib/security/__tests__/security-utils.test.ts(169,25): error TS2304: Cannot find name 'sanitizeObject'.
src/lib/security/__tests__/security-utils.test.ts(179,23): error TS2304: Cannot find name 'getSecurityHeaders'.
src/lib/security/__tests__/security-utils.test.ts(187,19): error TS2304: Cannot find name 'getContentSecurityPolicy'.
src/lib/security/__tests__/security-utils.test.ts(205,22): error TS2304: Cannot find name 'validateAPIRequest'.
src/lib/security/__tests__/security-utils.test.ts(219,22): error TS2304: Cannot find name 'validateAPIRequest'.
src/lib/security/__tests__/security-utils.test.ts(233,22): error TS2304: Cannot find name 'validateAPIRequest'.
src/lib/security/__tests__/security-utils.test.ts(255,25): error TS2304: Cannot find name 'sanitizeAPIResponse'.
src/lib/security/__tests__/security-utils.test.ts(266,25): error TS2304: Cannot find name 'sanitizeAPIResponse'.
src/lib/security/security-utils.ts(13,32): error TS2307: Cannot find module './input-validator' or its corresponding type declarations.
src/lib/security/security-utils.ts(14,31): error TS2307: Cannot find module './sanitizer' or its corresponding type declarations.
src/lib/security/security-utils.ts(15,29): error TS2307: Cannot find module './cache-utils' or its corresponding type declarations.
src/lib/security/security-utils.ts(370,47): error TS7006: Parameter 'e' implicitly has an 'any' type.
src/lib/utils/performance-utils.ts(39,5): error TS2322: Type 'Promise<unknown>' is not assignable to type 'T'.
  'T' could be instantiated with an arbitrary type which could be unrelated to 'Promise<unknown>'.
src/lib/utils/performance-utils.ts(41,44): error TS2322: Type 'T' is not assignable to type 'Promise<unknown>'.
src/lib/utils/performance-utils.ts(98,10): error TS2352: Conversion of type 'NamedExoticComponent<any>' to type 'T' may be a mistake because neither type sufficiently overlaps with the other. If this was intentional, convert the expression to 'unknown' first.
  'NamedExoticComponent<any>' is assignable to the constraint of type 'T', but 'T' could be instantiated with a different subtype of constraint 'ComponentType<any>'.
src/lib/utils/performance-utils.ts(98,16): error TS2769: No overload matches this call.
  Overload 1 of 2, '(Component: FunctionComponent<any>, propsAreEqual?: ((prevProps: Readonly<any>, nextProps: Readonly<any>) => boolean) | undefined): NamedExoticComponent<...>', gave the following error.
    Argument of type 'ComponentType<any>' is not assignable to parameter of type 'FunctionComponent<any>'.
      Type 'ComponentClass<any, any>' is not assignable to type 'FunctionComponent<any>'.
        Type 'ComponentClass<any, any>' provides no match for the signature '(props: any, deprecatedLegacyContext?: any): ReactNode'.
  Overload 2 of 2, '(Component: T, propsAreEqual?: ((prevProps: Readonly<ComponentProps<T>>, nextProps: Readonly<ComponentProps<T>>) => boolean) | undefined): MemoExoticComponent<...>', gave the following error.
    Argument of type '((prevProps: ComponentProps<T>, nextProps: ComponentProps<T>) => boolean) | undefined' is not assignable to parameter of type '((prevProps: Readonly<ComponentProps<T>>, nextProps: Readonly<ComponentProps<T>>) => boolean) | undefined'.
      Type '(prevProps: ComponentProps<T>, nextProps: ComponentProps<T>) => boolean' is not assignable to type '(prevProps: Readonly<ComponentProps<T>>, nextProps: Readonly<ComponentProps<T>>) => boolean'.
        Types of parameters 'prevProps' and 'prevProps' are incompatible.
          Type 'Readonly<ComponentProps<T>>' is not assignable to type 'ComponentProps<T>'.
src/lib/wagmi/index.ts(10,14): error TS2339: Property 'getSafeProvider' does not exist on type 'Window & typeof globalThis'.
src/lib/wagmi/index.ts(10,47): error TS2339: Property 'getSafeProvider' does not exist on type 'Window & typeof globalThis'.
src/lib/wagmi/index.ts(11,19): error TS2339: Property 'getSafeProvider' does not exist on type 'Window & typeof globalThis'.
src/lib/wagmi/index.ts(80,14): error TS2339: Property 'getSafeProvider' does not exist on type 'Window & typeof globalThis'.
src/lib/wagmi/index.ts(81,21): error TS2339: Property 'getSafeProvider' does not exist on type 'Window & typeof globalThis'.
src/lib/wagmi/index.ts(83,21): error TS2339: Property 'getSafeProvider' does not exist on type 'Window & typeof globalThis'.
src/main.tsx(7,17): error TS5097: An import path can only end with a '.tsx' extension when 'allowImportingTsExtensions' is enabled.
src/main.tsx(18,8): error TS2339: Property 'ReactDOM' does not exist on type 'Window & typeof globalThis'.
src/pages/AISettings.tsx(263,13): error TS2322: Type '"free" | "premium" | "pro"' is not assignable to type '"free" | "premium"'.
  Type '"pro"' is not assignable to type '"free" | "premium"'.
src/pages/api/analytics/latest-session.ts(70,16): error TS2339: Property 'id' does not exist on type 'never'.
src/pages/api/analytics/latest-session.ts(71,21): error TS2339: Property 'user_id' does not exist on type 'never'.
src/pages/api/analytics/latest-session.ts(72,24): error TS2339: Property 'created_at' does not exist on type 'never'.
src/pages/api/analytics/latest-session.ts(73,30): error TS2339: Property 'session_duration' does not exist on type 'never'.
src/pages/api/analytics/latest-session.ts(74,30): error TS2339: Property 'breath_hold_time' does not exist on type 'never'.
src/pages/api/analytics/latest-session.ts(75,32): error TS2339: Property 'restlessness_score' does not exist on type 'never'.
src/pages/api/analytics/latest-session.ts(76,26): error TS2339: Property 'pattern_name' does not exist on type 'never'.
src/pages/api/analytics/latest-session.ts(77,24): error TS2339: Property 'pattern_id' does not exist on type 'never'.
src/pages/api/analytics/latest-session.ts(78,30): error TS2339: Property 'completed_cycles' does not exist on type 'never'.
src/pages/api/analytics/latest-session.ts(79,24): error TS2339: Property 'heart_rate_data' does not exist on type 'never'.
src/pages/api/analytics/latest-session.ts(80,26): error TS2339: Property 'blood_oxygen_data' does not exist on type 'never'.
src/pages/api/analytics/latest-session.ts(81,21): error TS2339: Property 'metrics' does not exist on type 'never'.
src/pages/api/integration/lens-v3.ts(82,28): error TS2339: Property 'data' does not exist on type 'SocialActionResult'.
src/pages/CommunityFeed.tsx(72,24): error TS2554: Expected 0 arguments, but got 1.
src/pages/CommunityFeed.tsx(562,31): error TS2339: Property 'isFullyConnected' does not exist on type 'UseAuthReturn'.
src/pages/CreatePattern.tsx(144,33): error TS2345: Argument of type 'EnhancedCustomPattern | { id: string; name: string; description: string; phases: never[]; category: "stress"; difficulty: "beginner"; duration: number; creator: string; ... 14 more ...; postSessionNotes: string; }' is not assignable to parameter of type 'EnhancedCustomPattern'.
  Property 'access' is missing in type '{ id: string; name: string; description: string; phases: never[]; category: "stress"; difficulty: "beginner"; duration: number; creator: string; tags: never[]; targetAudience: never[]; expectedDuration: number; ... 11 more ...; postSessionNotes: string; }' but required in type 'EnhancedCustomPattern'.
src/providers/useLensContext.ts(2,10): error TS2614: Module '"./LensProvider"' has no exported member 'LensContextType'. Did you mean to use 'import LensContextType from "./LensProvider"' instead?
src/services/blockchain/BlockchainAuthService.ts(365,12): error TS2352: Conversion of type 'Promise<{ addr: string | null; loggedIn: boolean; }>' to type 'FlowUser' may be a mistake because neither type sufficiently overlaps with the other. If this was intentional, convert the expression to 'unknown' first.
  Type 'Promise<{ addr: string | null; loggedIn: boolean; }>' is missing the following properties from type 'FlowUser': addr, loggedIn
src/stores/sessionStore.ts(396,19): error TS2367: This comparison appears to be unintentional because the types 'SessionPhase' and '"idle"' have no overlap.
src/stores/sessionStore.ts(403,57): error TS2339: Property 'maxCycles' does not exist on type 'SessionConfig'.
src/stores/sessionStore.ts(406,37): error TS2339: Property 'maxCycles' does not exist on type 'SessionConfig'.
src/stores/visionStore.ts(368,49): error TS2339: Property 'isProcessing' does not exist on type 'VisionState & VisionActions'.
src/stores/visionStore.ts(370,46): error TS2339: Property 'sessionId' does not exist on type 'VisionState & VisionActions'.
